2025-11-30T03:14:32.6480937Z Current runner version: '2.329.0'
2025-11-30T03:14:32.6508332Z ##[group]Runner Image Provisioner
2025-11-30T03:14:32.6509052Z Hosted Compute Agent
2025-11-30T03:14:32.6509711Z Version: 20251016.436
2025-11-30T03:14:32.6510286Z Commit: 8ab8ac8bfd662a3739dab9fe09456aba92132568
2025-11-30T03:14:32.6511125Z Build Date: 2025-10-15T20:44:12Z
2025-11-30T03:14:32.6511765Z ##[endgroup]
2025-11-30T03:14:32.6512305Z ##[group]Operating System
2025-11-30T03:14:32.6512923Z Ubuntu
2025-11-30T03:14:32.6513378Z 24.04.3
2025-11-30T03:14:32.6513846Z LTS
2025-11-30T03:14:32.6514244Z ##[endgroup]
2025-11-30T03:14:32.6514795Z ##[group]Runner Image
2025-11-30T03:14:32.6515474Z Image: ubuntu-24.04
2025-11-30T03:14:32.6515977Z Version: 20251112.124.1
2025-11-30T03:14:32.6517061Z Included Software: https://github.com/actions/runner-images/blob/ubuntu24/20251112.124/images/ubuntu/Ubuntu2404-Readme.md
2025-11-30T03:14:32.6518562Z Image Release: https://github.com/actions/runner-images/releases/tag/ubuntu24%2F20251112.124
2025-11-30T03:14:32.6519550Z ##[endgroup]
2025-11-30T03:14:32.6520620Z ##[group]GITHUB_TOKEN Permissions
2025-11-30T03:14:32.6523346Z Contents: read
2025-11-30T03:14:32.6523895Z Metadata: read
2025-11-30T03:14:32.6524344Z Packages: read
2025-11-30T03:14:32.6525019Z ##[endgroup]
2025-11-30T03:14:32.6527475Z Secret source: Actions
2025-11-30T03:14:32.6528478Z Prepare workflow directory
2025-11-30T03:14:32.6852073Z Prepare all required actions
2025-11-30T03:14:32.6890738Z Getting action download info
2025-11-30T03:14:32.9641335Z Download action repository 'actions/checkout@v4' (SHA:34e114876b0b11c390a56381ad16ebd13914f8d5)
2025-11-30T03:14:33.2430997Z Download action repository 'actions/setup-java@v4' (SHA:c5195efecf7bdfc987ee8bae7a71cb8b11521c00)
2025-11-30T03:14:33.5766935Z Download action repository 'actions/upload-artifact@v4' (SHA:ea165f8d65b6e75b540449e92b4886f43607fa02)
2025-11-30T03:14:33.7960433Z Complete job name: Build Release APK
2025-11-30T03:14:33.8769282Z ##[group]Run actions/checkout@v4
2025-11-30T03:14:33.8770623Z with:
2025-11-30T03:14:33.8771596Z   repository: danhtrinhdevelopermay/ControlCenter
2025-11-30T03:14:33.8773052Z   token: ***
2025-11-30T03:14:33.8773834Z   ssh-strict: true
2025-11-30T03:14:33.8774645Z   ssh-user: git
2025-11-30T03:14:33.8775642Z   persist-credentials: true
2025-11-30T03:14:33.8776586Z   clean: true
2025-11-30T03:14:33.8777425Z   sparse-checkout-cone-mode: true
2025-11-30T03:14:33.8778447Z   fetch-depth: 1
2025-11-30T03:14:33.8779256Z   fetch-tags: false
2025-11-30T03:14:33.8780100Z   show-progress: true
2025-11-30T03:14:33.8780955Z   lfs: false
2025-11-30T03:14:33.8781751Z   submodules: false
2025-11-30T03:14:33.8782629Z   set-safe-directory: true
2025-11-30T03:14:33.8783858Z ##[endgroup]
2025-11-30T03:14:33.9921322Z Syncing repository: danhtrinhdevelopermay/ControlCenter
2025-11-30T03:14:33.9924612Z ##[group]Getting Git version info
2025-11-30T03:14:33.9926466Z Working directory is '/home/runner/work/ControlCenter/ControlCenter'
2025-11-30T03:14:33.9928734Z [command]/usr/bin/git version
2025-11-30T03:14:33.9986855Z git version 2.51.2
2025-11-30T03:14:34.0015179Z ##[endgroup]
2025-11-30T03:14:34.0032574Z Temporarily overriding HOME='/home/runner/work/_temp/1404d601-e8b3-4fd5-b0be-ebc10ec7748f' before making global git config changes
2025-11-30T03:14:34.0037736Z Adding repository directory to the temporary git global config as a safe directory
2025-11-30T03:14:34.0047432Z [command]/usr/bin/git config --global --add safe.directory /home/runner/work/ControlCenter/ControlCenter
2025-11-30T03:14:34.0087201Z Deleting the contents of '/home/runner/work/ControlCenter/ControlCenter'
2025-11-30T03:14:34.0091136Z ##[group]Initializing the repository
2025-11-30T03:14:34.0096430Z [command]/usr/bin/git init /home/runner/work/ControlCenter/ControlCenter
2025-11-30T03:14:34.0251903Z hint: Using 'master' as the name for the initial branch. This default branch name
2025-11-30T03:14:34.0254626Z hint: is subject to change. To configure the initial branch name to use in all
2025-11-30T03:14:34.0257705Z hint: of your new repositories, which will suppress this warning, call:
2025-11-30T03:14:34.0260582Z hint:
2025-11-30T03:14:34.0262349Z hint: 	git config --global init.defaultBranch <name>
2025-11-30T03:14:34.0264627Z hint:
2025-11-30T03:14:34.0267053Z hint: Names commonly chosen instead of 'master' are 'main', 'trunk' and
2025-11-30T03:14:34.0270392Z hint: 'development'. The just-created branch can be renamed via this command:
2025-11-30T03:14:34.0272893Z hint:
2025-11-30T03:14:34.0274155Z hint: 	git branch -m <name>
2025-11-30T03:14:34.0275814Z hint:
2025-11-30T03:14:34.0277057Z hint: Disable this message with "git config set advice.defaultBranchName false"
2025-11-30T03:14:34.0279199Z Initialized empty Git repository in /home/runner/work/ControlCenter/ControlCenter/.git/
2025-11-30T03:14:34.0284377Z [command]/usr/bin/git remote add origin https://github.com/danhtrinhdevelopermay/ControlCenter
2025-11-30T03:14:34.0308675Z ##[endgroup]
2025-11-30T03:14:34.0311290Z ##[group]Disabling automatic garbage collection
2025-11-30T03:14:34.0313623Z [command]/usr/bin/git config --local gc.auto 0
2025-11-30T03:14:34.0343445Z ##[endgroup]
2025-11-30T03:14:34.0346011Z ##[group]Setting up auth
2025-11-30T03:14:34.0351340Z [command]/usr/bin/git config --local --name-only --get-regexp core\.sshCommand
2025-11-30T03:14:34.0384045Z [command]/usr/bin/git submodule foreach --recursive sh -c "git config --local --name-only --get-regexp 'core\.sshCommand' && git config --local --unset-all 'core.sshCommand' || :"
2025-11-30T03:14:34.0736932Z [command]/usr/bin/git config --local --name-only --get-regexp http\.https\:\/\/github\.com\/\.extraheader
2025-11-30T03:14:34.0769961Z [command]/usr/bin/git submodule foreach --recursive sh -c "git config --local --name-only --get-regexp 'http\.https\:\/\/github\.com\/\.extraheader' && git config --local --unset-all 'http.https://github.com/.extraheader' || :"
2025-11-30T03:14:34.0987661Z [command]/usr/bin/git config --local --name-only --get-regexp ^includeIf\.gitdir:
2025-11-30T03:14:34.1028197Z [command]/usr/bin/git submodule foreach --recursive git config --local --show-origin --name-only --get-regexp remote.origin.url
2025-11-30T03:14:34.1249980Z [command]/usr/bin/git config --local http.https://github.com/.extraheader AUTHORIZATION: basic ***
2025-11-30T03:14:34.1284130Z ##[endgroup]
2025-11-30T03:14:34.1286872Z ##[group]Fetching the repository
2025-11-30T03:14:34.1295928Z [command]/usr/bin/git -c protocol.version=2 fetch --no-tags --prune --no-recurse-submodules --depth=1 origin +4dafd2ee9c40cf1f2c11d473bda04a86b559a815:refs/remotes/origin/main
2025-11-30T03:14:34.4562612Z From https://github.com/danhtrinhdevelopermay/ControlCenter
2025-11-30T03:14:34.4598823Z  * [new ref]         4dafd2ee9c40cf1f2c11d473bda04a86b559a815 -> origin/main
2025-11-30T03:14:34.4602796Z ##[endgroup]
2025-11-30T03:14:34.4604094Z ##[group]Determining the checkout info
2025-11-30T03:14:34.4605799Z ##[endgroup]
2025-11-30T03:14:34.4607707Z [command]/usr/bin/git sparse-checkout disable
2025-11-30T03:14:34.4662401Z [command]/usr/bin/git config --local --unset-all extensions.worktreeConfig
2025-11-30T03:14:34.4688306Z ##[group]Checking out the ref
2025-11-30T03:14:34.4691414Z [command]/usr/bin/git checkout --progress --force -B main refs/remotes/origin/main
2025-11-30T03:14:34.5117627Z Switched to a new branch 'main'
2025-11-30T03:14:34.5119425Z branch 'main' set up to track 'origin/main'.
2025-11-30T03:14:34.5130642Z ##[endgroup]
2025-11-30T03:14:34.5167197Z [command]/usr/bin/git log -1 --format=%H
2025-11-30T03:14:34.5188773Z 4dafd2ee9c40cf1f2c11d473bda04a86b559a815
2025-11-30T03:14:34.5490746Z ##[group]Run actions/setup-java@v4
2025-11-30T03:14:34.5491695Z with:
2025-11-30T03:14:34.5492421Z   distribution: zulu
2025-11-30T03:14:34.5493193Z   java-version: 17
2025-11-30T03:14:34.5493920Z   cache: gradle
2025-11-30T03:14:34.5494656Z   java-package: jdk
2025-11-30T03:14:34.5495728Z   check-latest: false
2025-11-30T03:14:34.5496502Z   server-id: github
2025-11-30T03:14:34.5497263Z   server-username: GITHUB_ACTOR
2025-11-30T03:14:34.5498387Z   server-password: GITHUB_TOKEN
2025-11-30T03:14:34.5499263Z   overwrite-settings: true
2025-11-30T03:14:34.5500148Z   job-status: success
2025-11-30T03:14:34.5501346Z   token: ***
2025-11-30T03:14:34.5502151Z ##[endgroup]
2025-11-30T03:14:34.7503326Z ##[group]Installed distributions
2025-11-30T03:14:34.7533039Z Trying to resolve the latest version from remote
2025-11-30T03:14:34.9261579Z Resolved latest version as 17.0.17+10
2025-11-30T03:14:34.9262960Z Trying to download...
2025-11-30T03:14:34.9264823Z Downloading Java 17.0.17+10 (Zulu) from https://cdn.azul.com/zulu/bin/zulu17.62.19-ca-crac-jdk17.0.17-linux_x64.tar.gz ...
2025-11-30T03:14:36.4459155Z Extracting Java archive...
2025-11-30T03:14:36.4565598Z [command]/usr/bin/tar xz --warning=no-unknown-keyword --overwrite -C /home/runner/work/_temp/bed53174-14b8-4057-ac19-07d4fca89eec -f /home/runner/work/_temp/ac536b4e-35d8-41ea-b273-5dbbf0cf8b79
2025-11-30T03:14:39.1013331Z Java 17.0.17+10 was downloaded
2025-11-30T03:14:39.1021711Z Setting Java 17.0.17+10 as the default
2025-11-30T03:14:39.1025559Z Creating toolchains.xml for JDK version 17 from zulu
2025-11-30T03:14:39.1102308Z Writing to /home/runner/.m2/toolchains.xml
2025-11-30T03:14:39.1102975Z 
2025-11-30T03:14:39.1103230Z Java configuration:
2025-11-30T03:14:39.1103978Z   Distribution: zulu
2025-11-30T03:14:39.1104501Z   Version: 17.0.17+10
2025-11-30T03:14:39.1105179Z   Path: /opt/hostedtoolcache/Java_Zulu_jdk/17.0.17-10/x64
2025-11-30T03:14:39.1106073Z 
2025-11-30T03:14:39.1107914Z ##[endgroup]
2025-11-30T03:14:39.1126288Z Creating settings.xml with server-id: github
2025-11-30T03:14:39.1126992Z Writing to /home/runner/.m2/settings.xml
2025-11-30T03:14:39.3672875Z Cache hit for: setup-java-Linux-x64-gradle-6a9d66f6302b7cc1238f0785a9e0f6b4d6ff5d98ee8a77d0e7c01b3e92a24a2f
2025-11-30T03:14:40.4201065Z Received 226492416 of 453215242 (50.0%), 216.0 MBs/sec
2025-11-30T03:14:41.4237838Z Received 453215242 of 453215242 (100.0%), 215.7 MBs/sec
2025-11-30T03:14:41.4239088Z Cache Size: ~432 MB (453215242 B)
2025-11-30T03:14:41.4306543Z [command]/usr/bin/tar -xf /home/runner/work/_temp/ab00a239-449c-45f2-85cf-0a3221075e1e/cache.tzst -P -C /home/runner/work/ControlCenter/ControlCenter --use-compress-program unzstd
2025-11-30T03:14:43.4093564Z Cache restored successfully
2025-11-30T03:14:43.4977301Z Cache restored from key: setup-java-Linux-x64-gradle-6a9d66f6302b7cc1238f0785a9e0f6b4d6ff5d98ee8a77d0e7c01b3e92a24a2f
2025-11-30T03:14:43.5204746Z ##[group]Run chmod +x ./gradlew
2025-11-30T03:14:43.5205619Z [36;1mchmod +x ./gradlew[0m
2025-11-30T03:14:43.5254392Z shell: /usr/bin/bash -e {0}
2025-11-30T03:14:43.5255031Z env:
2025-11-30T03:14:43.5255803Z   JAVA_HOME: /opt/hostedtoolcache/Java_Zulu_jdk/17.0.17-10/x64
2025-11-30T03:14:43.5256624Z   JAVA_HOME_17_X64: /opt/hostedtoolcache/Java_Zulu_jdk/17.0.17-10/x64
2025-11-30T03:14:43.5257360Z ##[endgroup]
2025-11-30T03:14:43.5459050Z ##[group]Run echo "storePassword=android123" > keystore.properties
2025-11-30T03:14:43.5459580Z [36;1mecho "storePassword=android123" > keystore.properties[0m
2025-11-30T03:14:43.5459966Z [36;1mecho "keyAlias=release" >> keystore.properties[0m
2025-11-30T03:14:43.5460369Z [36;1mecho "keyPassword=android123" >> keystore.properties[0m
2025-11-30T03:14:43.5460795Z [36;1mecho "storeFile=../release-keystore.jks" >> keystore.properties[0m
2025-11-30T03:14:43.5492297Z shell: /usr/bin/bash -e {0}
2025-11-30T03:14:43.5492538Z env:
2025-11-30T03:14:43.5492812Z   JAVA_HOME: /opt/hostedtoolcache/Java_Zulu_jdk/17.0.17-10/x64
2025-11-30T03:14:43.5493216Z   JAVA_HOME_17_X64: /opt/hostedtoolcache/Java_Zulu_jdk/17.0.17-10/x64
2025-11-30T03:14:43.5493537Z ##[endgroup]
2025-11-30T03:14:43.5612147Z ##[group]Run echo "MIIKtgIBAzCCCmAGCSqGSIb3DQEHAaCCClEEggpNMIIKSTCCBbAGCSqGSIb3DQEHAaCCBaEEggWdMIIFmTCCBZUGCyqGSIb3DQEMCgECoIIFQDCCBTwwZgYJKoZIhvcNAQUNMFkwOAYJKoZIhvcNAQUMMCsEFL+fbkESx6Eww6sgog921SvKPrHMAgInEAIBIDAMBggqhkiG9w0CCQUAMB0GCWCGSAFlAwQBKgQQl9iMWoBt+0F0wgMuK8BlxgSCBNAYUeaEwAKAZk1/CU1tX7ESfRfViIQFC6b6ygemzPrEwizIO9CqB2mbeEIr1gW+Lm7lyeEyIPXS6+mJdJNYhLu4+08mFL5OB/eCuxjjMTRUibM/xwtqr92TPp+ZMsxhfy6RnOyGE9r4wmQZgocCMnZDG70RKt3m+arjWszsMgagTgXsOKHph36MOs068dlOn8Xq4e4BosM1UANKzUha82s9uZqrvkqTcGFa3tbZDzzNYUlS/JkrRps0PvBrZ/cKPIEznjBXNyJ5Wos2hTKW82eRuQVazedeM+50fdZgS+gjEZLG8U5UViuKpvOB7mAt7FYwCB565dG63+ayBrU3x4YFw3JBOUXGTJtG0o2KMI5k0urZ3i/GbD/T1qY7i1XDUk9oGEtdb6nU1xrjHI1dNa290xs6UN8V5uUtad5gG2KDe1P/AsMQzEi/Dw3U+C7MBE7n6wfrIClk2IZu9GZ/ZhmQ5CTTuL080IuztJI4CoUKUA39UxzsyQOUWRFxl9VN8IISyOkrjjlnlOmlCcdPDIcMySqru5gcby2O8+Qd7w+rnGN8NNphDPEOQyLo6alap14iYnibDW4zxBi5tFnIrAZwLmW9zk5YIg+TvSFslf8G9ZiL2vipV+D0xSoZacmjHFY3+Rff2PJXHEUWtxoqEmACMISwaBzQ+rw/Pk2MiGmjGOIEm8QrbD2ddJUh1VSdHKbfGmPuFYKKcJJebasvRNG5n3J4vUoJWr5T1Ch6IWOKfXK0yGyivk6bLeTZnP5eu/eqvzFJvVOh8wU8c0Pa54tzC0OwhKZMT+1hlQwG/b0B6XVPeC7ycRJDqOpTknImtqU5Ek3eqXNijnPoGdldiXvSLxRWey3hOtDmzFfOi6wlIfCNCUbV0PwE7SrtV4zIjNKuGhEm7pQb5nAHx9OOXmoe6JmJ1zxCRXh4VAlw1wayl5gsmnC3/PKsL4YmqvaTiwXo3VgyRMWULWfsApFkv/4SIOkj0v/zgblnEgfQtaRGwy+aIRFDlWCiGSagfiqD6E1KWBP9Gpdgdlf483rvE1uiIAiuc2WyyWLQd1a7rA4173m7PqplPFKqxmvsN7N5uuEyaP/lQCEAOf15CdWfmMOSHYhy8+BM55hCsuJZvL9C5s8FEbkvT6nukpFa93//jCNSciLEwJgXC4RFfx/XfozZC1E1Hz/FgJ3WupuSDQYU12pl9cMzoOhWYFPlpJAaOJOBp3FXogkkWE9CGLAlV5NZhlhpy1d9U3Z156aeEBkFKt+zb3AaLkAiIPILoSvo7tkK613cjk44nv/U6t9keXt6H4mgOA30qeRAMnsZkCB59ClGLAB8rmGaQJe8a92cgKjMQ2PlcaH8jDa8I8BOz9xTNbKaApblkWd2Nnnwy0tcjb8xNemX53D9OqEfyfxRH/Lv50L6wKHzHDOkHJdctjhu/rEdTD+7+kZdX3odxcKEszgOWjbM+quxBPVKiSvq1Z32VRLJkd8ciLfQqe3aPLjKArLRZ3q+6/pYXUGBRu196sAOqD1BqRd6nWpBNsMMxa2sBmjUYN+P2aFuik9kELpIkZb/AI56wxpFP0BDUK+z7363ACc2S/pFFZu1IY/8+x6Qb8SPec2W+62GNFaX0N8i3IJPGOCCrEufpAqFXodQQDFCMB0GCSqGSIb3DQEJFDEQHg4AcgBlAGwAZQBhAHMAZTAhBgkqhkiG9w0BCRUxFAQSVGltZSAxNzY0NDE3Njg3MDEzMIIEkQYJKoZIhvcNAQcGoIIEgjCCBH4CAQAwggR3BgkqhkiG9w0BBwEwZgYJKoZIhvcNAQUNMFkwOAYJKoZIhvcNAQUMMCsEFHbEgp9IUEPYEXYup5j/TG9eTLn3AgInEAIBIDAMBggqhkiG9w0CCQUAMB0GCWCGSAFlAwQBKgQQOWTHFAqU+XT7VZI24WF+OICCBAANeZ8pBphT904UgGU7CItdr7ZvHpWzP9UrsQ1tNuQ79mM3lHDc4JJnjFVDGjLylZiiSItTLYzVrFQ42UBZBTBaYpXGHMyPNFGQSgHeADXuRwqJ+Qw29MpA/M39/ZyAYh39IQbeJeBwmTes/mCEyx2rUn1hd4YfXaa45lKyXU7xHYKnUWsxoVl02ryWu9rnDK7GSX6xpvS9Le7oIDbL1wU0J8m58kdV3YV0gSN5R95o9WQOzQoeSpbe1MskdyfWoCPxMcGswV6hKld5WxOoMjxRauzDwxnVqTslcsQ4tXidXtEaMO08PPfxGlJk6ELOinxW1CKM48WOLuSKaoJaX5gunGPy/WBin60o8xTi4kSNmq1VI0SDWh8EwVh3b2eqbyGZwo4DGAH4Cdl4L97eovseBtbpREUPqBRPnpTBokg5vrFxNx2CgVEqhEUxQw9pkP8975IXTo6ufKVDZobuaNANBOiv7qIOOpLeoMUm/UNg+KBK8ROIaVlZFl7hxpCaNB9qylqSO8A/iFEaJETJXSknqbdaVg0Lw7oDLPck7adIkzP5w8uDj9qnkqSlKQ4gAyMSEwWBS1WlmQbIfexhfW0BtYLNRyMFZ4SQSyH4dv4+LxI2wSOzcB7LMgSTHqY+8RK1OGhoU2XZkgJO3xdJ4tlIKnfQRUqBZrgJVWBBJY2xD69kXWybQum6NPNkurvGOr8YB4jDnB00OEL47luw74PV3e9hOua2EAVzODfMT4h1QEjFlaaQWBQHlREEtAuAzI4gLCVZ4d//eQBmWW3ViDHHYTQ3Ci+N0w67gGFoUJbyWCpBwsZzVxNxcFUGzrPDc8wym80dg3rUtcV0XO9jPlq+94RPT1JcuZR8Yk/PjNIJu3wNttJgR/XTZp2Ar3c8J1yazfqiMhBV5714WYYnhJ9IAeo3845N+TfP+d2z+0Bl2EpniGNZZLyrF5l9u+Yx0aYeBtv1GiJ1WQDeH15ZxGkAktkzcHyw9MzbeyrmvYS6Cuw/8e3X12RSDoqJOUjVn3ugV3y1w7Z/Y00h3tSDEymYSXpTJzrrqqrZMn3hWJHNc/Pivn1EXqzSfMVXJKNXw9lD3pEaaeiV9ySFIHkHpTu+2RQ3smPwjdA30Wttkn89d+CRN+blzyhS9lAs04WDf9/+ZpLn2aqKqdR9iUEJIev+sG2XaI+1cf4NWHEUu/mkZmogS6biQWPgkarq4jcvSwRbRaURmdtqB/E6B4DzTxqmUkvICl1WZfA0l7TOd5+FQ8F4L0643xeb9+NlnGIS8HrkxgRJaGhXVXCZLnKEkOYtDal75cbz6/daWBvIr4eo9WZQuJHvuOgl1a8oLMnfUYoiY8/niO/u6x8RHKLp4wqsME0wMTANBglghkgBZQMEAgEFAAQglmsyZdPBhJiKlkl2WHH6l2K5G8FNJLOar5WX0j+KxEAEFECYsEzvDugyU79LH0LX8DnCZ/BsAgInEA==" | base64 --decode > release-keystore.jks
2025-11-30T03:14:43.5677443Z [36;1mecho "MIIKtgIBAzCCCmAGCSqGSIb3DQEHAaCCClEEggpNMIIKSTCCBbAGCSqGSIb3DQEHAaCCBaEEggWdMIIFmTCCBZUGCyqGSIb3DQEMCgECoIIFQDCCBTwwZgYJKoZIhvcNAQUNMFkwOAYJKoZIhvcNAQUMMCsEFL+fbkESx6Eww6sgog921SvKPrHMAgInEAIBIDAMBggqhkiG9w0CCQUAMB0GCWCGSAFlAwQBKgQQl9iMWoBt+0F0wgMuK8BlxgSCBNAYUeaEwAKAZk1/CU1tX7ESfRfViIQFC6b6ygemzPrEwizIO9CqB2mbeEIr1gW+Lm7lyeEyIPXS6+mJdJNYhLu4+08mFL5OB/eCuxjjMTRUibM/xwtqr92TPp+ZMsxhfy6RnOyGE9r4wmQZgocCMnZDG70RKt3m+arjWszsMgagTgXsOKHph36MOs068dlOn8Xq4e4BosM1UANKzUha82s9uZqrvkqTcGFa3tbZDzzNYUlS/JkrRps0PvBrZ/cKPIEznjBXNyJ5Wos2hTKW82eRuQVazedeM+50fdZgS+gjEZLG8U5UViuKpvOB7mAt7FYwCB565dG63+ayBrU3x4YFw3JBOUXGTJtG0o2KMI5k0urZ3i/GbD/T1qY7i1XDUk9oGEtdb6nU1xrjHI1dNa290xs6UN8V5uUtad5gG2KDe1P/AsMQzEi/Dw3U+C7MBE7n6wfrIClk2IZu9GZ/ZhmQ5CTTuL080IuztJI4CoUKUA39UxzsyQOUWRFxl9VN8IISyOkrjjlnlOmlCcdPDIcMySqru5gcby2O8+Qd7w+rnGN8NNphDPEOQyLo6alap14iYnibDW4zxBi5tFnIrAZwLmW9zk5YIg+TvSFslf8G9ZiL2vipV+D0xSoZacmjHFY3+Rff2PJXHEUWtxoqEmACMISwaBzQ+rw/Pk2MiGmjGOIEm8QrbD2ddJUh1VSdHKbfGmPuFYKKcJJebasvRNG5n3J4vUoJWr5T1Ch6IWOKfXK0yGyivk6bLeTZnP5eu/eqvzFJvVOh8wU8c0Pa54tzC0OwhKZMT+1hlQwG/b0B6XVPeC7ycRJDqOpTknImtqU5Ek3eqXNijnPoGdldiXvSLxRWey3hOtDmzFfOi6wlIfCNCUbV0PwE7SrtV4zIjNKuGhEm7pQb5nAHx9OOXmoe6JmJ1zxCRXh4VAlw1wayl5gsmnC3/PKsL4YmqvaTiwXo3VgyRMWULWfsApFkv/4SIOkj0v/zgblnEgfQtaRGwy+aIRFDlWCiGSagfiqD6E1KWBP9Gpdgdlf483rvE1uiIAiuc2WyyWLQd1a7rA4173m7PqplPFKqxmvsN7N5uuEyaP/lQCEAOf15CdWfmMOSHYhy8+BM55hCsuJZvL9C5s8FEbkvT6nukpFa93//jCNSciLEwJgXC4RFfx/XfozZC1E1Hz/FgJ3WupuSDQYU12pl9cMzoOhWYFPlpJAaOJOBp3FXogkkWE9CGLAlV5NZhlhpy1d9U3Z156aeEBkFKt+zb3AaLkAiIPILoSvo7tkK613cjk44nv/U6t9keXt6H4mgOA30qeRAMnsZkCB59ClGLAB8rmGaQJe8a92cgKjMQ2PlcaH8jDa8I8BOz9xTNbKaApblkWd2Nnnwy0tcjb8xNemX53D9OqEfyfxRH/Lv50L6wKHzHDOkHJdctjhu/rEdTD+7+kZdX3odxcKEszgOWjbM+quxBPVKiSvq1Z32VRLJkd8ciLfQqe3aPLjKArLRZ3q+6/pYXUGBRu196sAOqD1BqRd6nWpBNsMMxa2sBmjUYN+P2aFuik9kELpIkZb/AI56wxpFP0BDUK+z7363ACc2S/pFFZu1IY/8+x6Qb8SPec2W+62GNFaX0N8i3IJPGOCCrEufpAqFXodQQDFCMB0GCSqGSIb3DQEJFDEQHg4AcgBlAGwAZQBhAHMAZTAhBgkqhkiG9w0BCRUxFAQSVGltZSAxNzY0NDE3Njg3MDEzMIIEkQYJKoZIhvcNAQcGoIIEgjCCBH4CAQAwggR3BgkqhkiG9w0BBwEwZgYJKoZIhvcNAQUNMFkwOAYJKoZIhvcNAQUMMCsEFHbEgp9IUEPYEXYup5j/TG9eTLn3AgInEAIBIDAMBggqhkiG9w0CCQUAMB0GCWCGSAFlAwQBKgQQOWTHFAqU+XT7VZI24WF+OICCBAANeZ8pBphT904UgGU7CItdr7ZvHpWzP9UrsQ1tNuQ79mM3lHDc4JJnjFVDGjLylZiiSItTLYzVrFQ42UBZBTBaYpXGHMyPNFGQSgHeADXuRwqJ+Qw29MpA/M39/ZyAYh39IQbeJeBwmTes/mCEyx2rUn1hd4YfXaa45lKyXU7xHYKnUWsxoVl02ryWu9rnDK7GSX6xpvS9Le7oIDbL1wU0J8m58kdV3YV0gSN5R95o9WQOzQoeSpbe1MskdyfWoCPxMcGswV6hKld5WxOoMjxRauzDwxnVqTslcsQ4tXidXtEaMO08PPfxGlJk6ELOinxW1CKM48WOLuSKaoJaX5gunGPy/WBin60o8xTi4kSNmq1VI0SDWh8EwVh3b2eqbyGZwo4DGAH4Cdl4L97eovseBtbpREUPqBRPnpTBokg5vrFxNx2CgVEqhEUxQw9pkP8975IXTo6ufKVDZobuaNANBOiv7qIOOpLeoMUm/UNg+KBK8ROIaVlZFl7hxpCaNB9qylqSO8A/iFEaJETJXSknqbdaVg0Lw7oDLPck7adIkzP5w8uDj9qnkqSlKQ4gAyMSEwWBS1WlmQbIfexhfW0BtYLNRyMFZ4SQSyH4dv4+LxI2wSOzcB7LMgSTHqY+8RK1OGhoU2XZkgJO3xdJ4tlIKnfQRUqBZrgJVWBBJY2xD69kXWybQum6NPNkurvGOr8YB4jDnB00OEL47luw74PV3e9hOua2EAVzODfMT4h1QEjFlaaQWBQHlREEtAuAzI4gLCVZ4d//eQBmWW3ViDHHYTQ3Ci+N0w67gGFoUJbyWCpBwsZzVxNxcFUGzrPDc8wym80dg3rUtcV0XO9jPlq+94RPT1JcuZR8Yk/PjNIJu3wNttJgR/XTZp2Ar3c8J1yazfqiMhBV5714WYYnhJ9IAeo3845N+TfP+d2z+0Bl2EpniGNZZLyrF5l9u+Yx0aYeBtv1GiJ1WQDeH15ZxGkAktkzcHyw9MzbeyrmvYS6Cuw/8e3X12RSDoqJOUjVn3ugV3y1w7Z/Y00h3tSDEymYSXpTJzrrqqrZMn3hWJHNc/Pivn1EXqzSfMVXJKNXw9lD3pEaaeiV9ySFIHkHpTu+2RQ3smPwjdA30Wttkn89d+CRN+blzyhS9lAs04WDf9/+ZpLn2aqKqdR9iUEJIev+sG2XaI+1cf4NWHEUu/mkZmogS6biQWPgkarq4jcvSwRbRaURmdtqB/E6B4DzTxqmUkvICl1WZfA0l7TOd5+FQ8F4L0643xeb9+NlnGIS8HrkxgRJaGhXVXCZLnKEkOYtDal75cbz6/daWBvIr4eo9WZQuJHvuOgl1a8oLMnfUYoiY8/niO/u6x8RHKLp4wqsME0wMTANBglghkgBZQMEAgEFAAQglmsyZdPBhJiKlkl2WHH6l2K5G8FNJLOar5WX0j+KxEAEFECYsEzvDugyU79LH0LX8DnCZ/BsAgInEA==" | base64 --decode > release-keystore.jks[0m
2025-11-30T03:14:43.5748386Z shell: /usr/bin/bash -e {0}
2025-11-30T03:14:43.5748736Z env:
2025-11-30T03:14:43.5749113Z   JAVA_HOME: /opt/hostedtoolcache/Java_Zulu_jdk/17.0.17-10/x64
2025-11-30T03:14:43.5749737Z   JAVA_HOME_17_X64: /opt/hostedtoolcache/Java_Zulu_jdk/17.0.17-10/x64
2025-11-30T03:14:43.5750225Z ##[endgroup]
2025-11-30T03:14:43.5867162Z ##[group]Run ./gradlew assembleRelease --stacktrace
2025-11-30T03:14:43.5867724Z [36;1m./gradlew assembleRelease --stacktrace[0m
2025-11-30T03:14:43.5906440Z shell: /usr/bin/bash -e {0}
2025-11-30T03:14:43.5906788Z env:
2025-11-30T03:14:43.5907168Z   JAVA_HOME: /opt/hostedtoolcache/Java_Zulu_jdk/17.0.17-10/x64
2025-11-30T03:14:43.5907790Z   JAVA_HOME_17_X64: /opt/hostedtoolcache/Java_Zulu_jdk/17.0.17-10/x64
2025-11-30T03:14:43.5908280Z ##[endgroup]
2025-11-30T03:14:44.1485561Z 
2025-11-30T03:14:44.1487191Z Welcome to Gradle 8.2!
2025-11-30T03:14:44.1488751Z 
2025-11-30T03:14:44.1498351Z Here are the highlights of this release:
2025-11-30T03:14:44.1501568Z  - Kotlin DSL: new reference documentation, assignment syntax by default
2025-11-30T03:14:44.1504089Z  - Kotlin DSL is now the default with Gradle init
2025-11-30T03:14:44.1514395Z  - Improved suggestions to resolve errors in console output
2025-11-30T03:14:44.1515996Z 
2025-11-30T03:14:44.1516405Z For more details see https://docs.gradle.org/8.2/release-notes.html
2025-11-30T03:14:44.1516847Z 
2025-11-30T03:14:44.3471539Z Starting a Gradle Daemon (subsequent builds will be faster)
2025-11-30T03:14:53.1507213Z > Task :app:buildKotlinToolingMetadata
2025-11-30T03:14:53.1516760Z > Task :app:checkKotlinGradlePluginConfigurationErrors
2025-11-30T03:14:53.1517874Z > Task :app:preBuild UP-TO-DATE
2025-11-30T03:14:53.1524351Z > Task :app:preReleaseBuild UP-TO-DATE
2025-11-30T03:14:53.6471115Z > Task :app:generateReleaseResValues
2025-11-30T03:14:53.6475962Z > Task :app:dataBindingMergeDependencyArtifactsRelease
2025-11-30T03:14:53.6478304Z > Task :app:generateReleaseResources
2025-11-30T03:14:56.4485942Z > Task :app:packageReleaseResources
2025-11-30T03:14:56.7473693Z > Task :app:mergeReleaseResources
2025-11-30T03:14:57.3475594Z > Task :app:checkReleaseAarMetadata
2025-11-30T03:14:57.3476519Z > Task :app:mapReleaseSourceSetPaths
2025-11-30T03:14:57.3477371Z > Task :app:createReleaseCompatibleScreenManifests
2025-11-30T03:14:57.3478113Z > Task :app:extractDeepLinksRelease
2025-11-30T03:14:57.3494209Z > Task :app:parseReleaseLocalResources
2025-11-30T03:14:57.5476209Z > Task :app:processReleaseMainManifest
2025-11-30T03:14:57.9484355Z > Task :app:dataBindingGenBaseClassesRelease
2025-11-30T03:14:58.0476832Z > Task :app:processReleaseManifest
2025-11-30T03:14:58.0481581Z > Task :app:javaPreCompileRelease
2025-11-30T03:14:58.0483429Z > Task :app:extractProguardFiles
2025-11-30T03:14:58.0485028Z > Task :app:mergeReleaseJniLibFolders
2025-11-30T03:14:58.1473927Z > Task :app:mergeReleaseNativeLibs NO-SOURCE
2025-11-30T03:14:58.1483018Z > Task :app:stripReleaseDebugSymbols NO-SOURCE
2025-11-30T03:14:58.1493645Z > Task :app:extractReleaseNativeSymbolTables NO-SOURCE
2025-11-30T03:14:58.1501669Z > Task :app:mergeReleaseNativeDebugMetadata NO-SOURCE
2025-11-30T03:14:58.2483524Z > Task :app:desugarReleaseFileDependencies
2025-11-30T03:14:58.3486550Z > Task :app:checkReleaseDuplicateClasses
2025-11-30T03:14:58.3491552Z > Task :app:mergeReleaseArtProfile
2025-11-30T03:15:21.1489570Z > Task :app:processReleaseManifestForPackage
2025-11-30T03:15:21.3490522Z > Task :app:mergeReleaseShaders
2025-11-30T03:15:21.3491424Z > Task :app:compileReleaseShaders NO-SOURCE
2025-11-30T03:15:21.3492129Z > Task :app:generateReleaseAssets UP-TO-DATE
2025-11-30T03:15:21.4490440Z > Task :app:mergeReleaseAssets
2025-11-30T03:15:21.4491293Z > Task :app:compressReleaseAssets
2025-11-30T03:15:22.0468027Z > Task :app:collectReleaseDependencies
2025-11-30T03:15:22.3469169Z > Task :app:sdkReleaseDependencyData
2025-11-30T03:15:22.3473529Z > Task :app:validateSigningRelease
2025-11-30T03:15:22.3477908Z > Task :app:writeReleaseAppMetadata
2025-11-30T03:15:22.3502252Z > Task :app:writeReleaseSigningConfigVersions
2025-11-30T03:15:22.5477544Z > Task :app:processReleaseResources
2025-11-30T03:15:24.0467299Z > Task :app:optimizeReleaseResources
2025-11-30T03:15:24.8472038Z > Task :app:mergeExtDexRelease
2025-11-30T03:15:39.6478360Z 
2025-11-30T03:15:39.6512880Z > Task :app:compileReleaseKotlin FAILED
2025-11-30T03:15:39.6514895Z e: file:///home/runner/work/ControlCenter/ControlCenter/app/src/main/java/com/example/controlcenter/ControlCenterService.kt:859:60 Unresolved reference: clearAllButton
2025-11-30T03:15:39.6522874Z e: file:///home/runner/work/ControlCenter/ControlCenter/app/src/main/java/com/example/controlcenter/NotificationCenterService.kt:481:78 Unresolved reference: notificationHeader
2025-11-30T03:15:39.6525923Z e: file:///home/runner/work/ControlCenter/ControlCenter/app/src/main/java/com/example/controlcenter/NotificationCenterService.kt:505:82 Unresolved reference: clearAllButton
2025-11-30T03:15:39.6553102Z 
2025-11-30T03:15:39.6553829Z FAILURE: Build failed with an exception.
2025-11-30T03:15:39.6554210Z 
2025-11-30T03:15:39.6554649Z * What went wrong:
2025-11-30T03:15:39.6555081Z Execution failed for task ':app:compileReleaseKotlin'.
2025-11-30T03:15:39.6556493Z > A failure occurred while executing org.jetbrains.kotlin.compilerRunner.GradleCompilerRunnerWithWorkers$GradleKotlinCompilerWorkAction
2025-11-30T03:15:39.6557555Z    > Compilation error. See log for more details
2025-11-30T03:15:39.6557856Z 
2025-11-30T03:15:39.6557966Z * Try:
2025-11-30T03:15:39.6558347Z > Run with --info or --debug option to get more log output.
2025-11-30T03:15:39.6558869Z > Run with --scan to get full insights.
2025-11-30T03:15:39.6559333Z > Get more help at https://help.gradle.org.
2025-11-30T03:15:39.6559632Z 
2025-11-30T03:15:39.6559753Z * Exception is:
2025-11-30T03:15:39.6560395Z org.gradle.api.tasks.TaskExecutionException: Execution failed for task ':app:compileReleaseKotlin'.
2025-11-30T03:15:39.6561734Z 	at org.gradle.api.internal.tasks.execution.ExecuteActionsTaskExecuter.lambda$executeIfValid$1(ExecuteActionsTaskExecuter.java:149)
2025-11-30T03:15:39.6562923Z 	at org.gradle.internal.Try$Failure.ifSuccessfulOrElse(Try.java:282)
2025-11-30T03:15:39.6564118Z 	at org.gradle.api.internal.tasks.execution.ExecuteActionsTaskExecuter.executeIfValid(ExecuteActionsTaskExecuter.java:147)
2025-11-30T03:15:39.6565785Z 	at org.gradle.api.internal.tasks.execution.ExecuteActionsTaskExecuter.execute(ExecuteActionsTaskExecuter.java:135)
2025-11-30T03:15:39.6567317Z 	at org.gradle.api.internal.tasks.execution.FinalizePropertiesTaskExecuter.execute(FinalizePropertiesTaskExecuter.java:46)
2025-11-30T03:15:39.6568894Z 	at org.gradle.api.internal.tasks.execution.ResolveTaskExecutionModeExecuter.execute(ResolveTaskExecutionModeExecuter.java:51)
2025-11-30T03:15:39.6570444Z 	at org.gradle.api.internal.tasks.execution.SkipTaskWithNoActionsExecuter.execute(SkipTaskWithNoActionsExecuter.java:57)
2025-11-30T03:15:39.6571857Z 	at org.gradle.api.internal.tasks.execution.SkipOnlyIfTaskExecuter.execute(SkipOnlyIfTaskExecuter.java:74)
2025-11-30T03:15:39.6573257Z 	at org.gradle.api.internal.tasks.execution.CatchExceptionTaskExecuter.execute(CatchExceptionTaskExecuter.java:36)
2025-11-30T03:15:39.6574653Z 	at org.gradle.api.internal.tasks.execution.EventFiringTaskExecuter$1.executeTask(EventFiringTaskExecuter.java:77)
2025-11-30T03:15:39.6576167Z 	at org.gradle.api.internal.tasks.execution.EventFiringTaskExecuter$1.call(EventFiringTaskExecuter.java:55)
2025-11-30T03:15:39.6577449Z 	at org.gradle.api.internal.tasks.execution.EventFiringTaskExecuter$1.call(EventFiringTaskExecuter.java:52)
2025-11-30T03:15:39.6578974Z 	at org.gradle.internal.operations.DefaultBuildOperationRunner$CallableBuildOperationWorker.execute(DefaultBuildOperationRunner.java:204)
2025-11-30T03:15:39.6580717Z 	at org.gradle.internal.operations.DefaultBuildOperationRunner$CallableBuildOperationWorker.execute(DefaultBuildOperationRunner.java:199)
2025-11-30T03:15:39.6582246Z 	at org.gradle.internal.operations.DefaultBuildOperationRunner$2.execute(DefaultBuildOperationRunner.java:66)
2025-11-30T03:15:39.6583583Z 	at org.gradle.internal.operations.DefaultBuildOperationRunner$2.execute(DefaultBuildOperationRunner.java:59)
2025-11-30T03:15:39.6584935Z 	at org.gradle.internal.operations.DefaultBuildOperationRunner.execute(DefaultBuildOperationRunner.java:157)
2025-11-30T03:15:39.6586687Z 	at org.gradle.internal.operations.DefaultBuildOperationRunner.execute(DefaultBuildOperationRunner.java:59)
2025-11-30T03:15:39.6588022Z 	at org.gradle.internal.operations.DefaultBuildOperationRunner.call(DefaultBuildOperationRunner.java:53)
2025-11-30T03:15:39.6589319Z 	at org.gradle.internal.operations.DefaultBuildOperationExecutor.call(DefaultBuildOperationExecutor.java:73)
2025-11-30T03:15:39.6590659Z 	at org.gradle.api.internal.tasks.execution.EventFiringTaskExecuter.execute(EventFiringTaskExecuter.java:52)
2025-11-30T03:15:39.6591835Z 	at org.gradle.execution.plan.LocalTaskNodeExecutor.execute(LocalTaskNodeExecutor.java:42)
2025-11-30T03:15:39.6593189Z 	at org.gradle.execution.taskgraph.DefaultTaskExecutionGraph$InvokeNodeExecutorsAction.execute(DefaultTaskExecutionGraph.java:337)
2025-11-30T03:15:39.6594989Z 	at org.gradle.execution.taskgraph.DefaultTaskExecutionGraph$InvokeNodeExecutorsAction.execute(DefaultTaskExecutionGraph.java:324)
2025-11-30T03:15:39.6650313Z 	at org.gradle.execution.taskgraph.DefaultTaskExecutionGraph$BuildOperationAwareExecutionAction.execute(DefaultTaskExecutionGraph.java:317)
2025-11-30T03:15:39.6652089Z 	at org.gradle.execution.taskgraph.DefaultTaskExecutionGraph$BuildOperationAwareExecutionAction.execute(DefaultTaskExecutionGraph.java:303)
2025-11-30T03:15:39.6653586Z 	at org.gradle.execution.plan.DefaultPlanExecutor$ExecutorWorker.execute(DefaultPlanExecutor.java:463)
2025-11-30T03:15:39.6654739Z 	at org.gradle.execution.plan.DefaultPlanExecutor$ExecutorWorker.run(DefaultPlanExecutor.java:380)
2025-11-30T03:15:39.6656092Z 	at org.gradle.internal.concurrent.ExecutorPolicy$CatchAndRecordFailures.onExecute(ExecutorPolicy.java:64)
2025-11-30T03:15:39.6657272Z 	at org.gradle.internal.concurrent.AbstractManagedExecutor$1.run(AbstractManagedExecutor.java:47)
2025-11-30T03:15:39.6659203Z Caused by: org.gradle.workers.internal.DefaultWorkerExecutor$WorkExecutionException: A failure occurred while executing org.jetbrains.kotlin.compilerRunner.GradleCompilerRunnerWithWorkers$GradleKotlinCompilerWorkAction
2025-11-30T03:15:39.6661256Z 	at org.gradle.workers.internal.DefaultWorkerExecutor$WorkItemExecution.waitForCompletion(DefaultWorkerExecutor.java:283)
2025-11-30T03:15:39.6662796Z 	at org.gradle.internal.work.DefaultAsyncWorkTracker.lambda$waitForItemsAndGatherFailures$2(DefaultAsyncWorkTracker.java:130)
2025-11-30T03:15:39.6663934Z 	at org.gradle.internal.Factories$1.create(Factories.java:31)
2025-11-30T03:15:39.6664908Z 	at org.gradle.internal.work.DefaultWorkerLeaseService.withoutLocks(DefaultWorkerLeaseService.java:321)
2025-11-30T03:15:39.6666354Z 	at org.gradle.internal.work.DefaultWorkerLeaseService.withoutLocks(DefaultWorkerLeaseService.java:304)
2025-11-30T03:15:39.6716131Z 	at org.gradle.internal.work.DefaultWorkerLeaseService.withoutLock(DefaultWorkerLeaseService.java:309)
2025-11-30T03:15:39.6717430Z 	at org.gradle.internal.work.DefaultAsyncWorkTracker.waitForItemsAndGatherFailures(DefaultAsyncWorkTracker.java:126)
2025-11-30T03:15:39.6718816Z 	at org.gradle.internal.work.DefaultAsyncWorkTracker.waitForItemsAndGatherFailures(DefaultAsyncWorkTracker.java:92)
2025-11-30T03:15:39.6720063Z 	at org.gradle.internal.work.DefaultAsyncWorkTracker.waitForAll(DefaultAsyncWorkTracker.java:78)
2025-11-30T03:15:39.6721258Z 	at org.gradle.internal.work.DefaultAsyncWorkTracker.waitForCompletion(DefaultAsyncWorkTracker.java:66)
2025-11-30T03:15:39.6722303Z 	at org.gradle.api.internal.tasks.execution.TaskExecution$3.run(TaskExecution.java:256)
2025-11-30T03:15:39.6723401Z 	at org.gradle.internal.operations.DefaultBuildOperationRunner$1.execute(DefaultBuildOperationRunner.java:29)
2025-11-30T03:15:39.6724660Z 	at org.gradle.internal.operations.DefaultBuildOperationRunner$1.execute(DefaultBuildOperationRunner.java:26)
2025-11-30T03:15:39.6726100Z 	at org.gradle.internal.operations.DefaultBuildOperationRunner$2.execute(DefaultBuildOperationRunner.java:66)
2025-11-30T03:15:39.6727586Z 	at org.gradle.internal.operations.DefaultBuildOperationRunner$2.execute(DefaultBuildOperationRunner.java:59)
2025-11-30T03:15:39.6728917Z 	at org.gradle.internal.operations.DefaultBuildOperationRunner.execute(DefaultBuildOperationRunner.java:157)
2025-11-30T03:15:39.6730225Z 	at org.gradle.internal.operations.DefaultBuildOperationRunner.execute(DefaultBuildOperationRunner.java:59)
2025-11-30T03:15:39.6731486Z 	at org.gradle.internal.operations.DefaultBuildOperationRunner.run(DefaultBuildOperationRunner.java:47)
2025-11-30T03:15:39.6732756Z 	at org.gradle.internal.operations.DefaultBuildOperationExecutor.run(DefaultBuildOperationExecutor.java:68)
2025-11-30T03:15:39.6734047Z 	at org.gradle.api.internal.tasks.execution.TaskExecution.executeAction(TaskExecution.java:233)
2025-11-30T03:15:39.6735192Z 	at org.gradle.api.internal.tasks.execution.TaskExecution.executeActions(TaskExecution.java:216)
2025-11-30T03:15:39.6736874Z 	at org.gradle.api.internal.tasks.execution.TaskExecution.executeWithPreviousOutputFiles(TaskExecution.java:199)
2025-11-30T03:15:39.6738087Z 	at org.gradle.api.internal.tasks.execution.TaskExecution.execute(TaskExecution.java:166)
2025-11-30T03:15:39.6739109Z 	at org.gradle.internal.execution.steps.ExecuteStep.executeInternal(ExecuteStep.java:105)
2025-11-30T03:15:39.6740110Z 	at org.gradle.internal.execution.steps.ExecuteStep.access$000(ExecuteStep.java:44)
2025-11-30T03:15:39.6741013Z 	at org.gradle.internal.execution.steps.ExecuteStep$1.call(ExecuteStep.java:59)
2025-11-30T03:15:39.6741875Z 	at org.gradle.internal.execution.steps.ExecuteStep$1.call(ExecuteStep.java:56)
2025-11-30T03:15:39.6743147Z 	at org.gradle.internal.operations.DefaultBuildOperationRunner$CallableBuildOperationWorker.execute(DefaultBuildOperationRunner.java:204)
2025-11-30T03:15:39.6744827Z 	at org.gradle.internal.operations.DefaultBuildOperationRunner$CallableBuildOperationWorker.execute(DefaultBuildOperationRunner.java:199)
2025-11-30T03:15:39.6746513Z 	at org.gradle.internal.operations.DefaultBuildOperationRunner$2.execute(DefaultBuildOperationRunner.java:66)
2025-11-30T03:15:39.6747816Z 	at org.gradle.internal.operations.DefaultBuildOperationRunner$2.execute(DefaultBuildOperationRunner.java:59)
2025-11-30T03:15:39.6749123Z 	at org.gradle.internal.operations.DefaultBuildOperationRunner.execute(DefaultBuildOperationRunner.java:157)
2025-11-30T03:15:39.6750415Z 	at org.gradle.internal.operations.DefaultBuildOperationRunner.execute(DefaultBuildOperationRunner.java:59)
2025-11-30T03:15:39.6751614Z 	at org.gradle.internal.operations.DefaultBuildOperationRunner.call(DefaultBuildOperationRunner.java:53)
2025-11-30T03:15:39.6755761Z 	at org.gradle.internal.operations.DefaultBuildOperationExecutor.call(DefaultBuildOperationExecutor.java:73)
2025-11-30T03:15:39.6756813Z 	at org.gradle.internal.execution.steps.ExecuteStep.execute(ExecuteStep.java:56)
2025-11-30T03:15:39.6757701Z 	at org.gradle.internal.execution.steps.ExecuteStep.execute(ExecuteStep.java:44)
2025-11-30T03:15:39.6758756Z 	at org.gradle.internal.execution.steps.RemovePreviousOutputsStep.execute(RemovePreviousOutputsStep.java:67)
2025-11-30T03:15:39.6759999Z 	at org.gradle.internal.execution.steps.RemovePreviousOutputsStep.execute(RemovePreviousOutputsStep.java:37)
2025-11-30T03:15:39.6761135Z 	at org.gradle.internal.execution.steps.CancelExecutionStep.execute(CancelExecutionStep.java:41)
2025-11-30T03:15:39.6762202Z 	at org.gradle.internal.execution.steps.TimeoutStep.executeWithoutTimeout(TimeoutStep.java:74)
2025-11-30T03:15:39.6763147Z 	at org.gradle.internal.execution.steps.TimeoutStep.execute(TimeoutStep.java:55)
2025-11-30T03:15:39.6764061Z 	at org.gradle.internal.execution.steps.CreateOutputsStep.execute(CreateOutputsStep.java:50)
2025-11-30T03:15:39.6765054Z 	at org.gradle.internal.execution.steps.CreateOutputsStep.execute(CreateOutputsStep.java:28)
2025-11-30T03:15:39.6766846Z 	at org.gradle.internal.execution.steps.CaptureStateAfterExecutionStep.executeDelegateBroadcastingChanges(CaptureStateAfterExecutionStep.java:100)
2025-11-30T03:15:39.6768523Z 	at org.gradle.internal.execution.steps.CaptureStateAfterExecutionStep.execute(CaptureStateAfterExecutionStep.java:72)
2025-11-30T03:15:39.6770018Z 	at org.gradle.internal.execution.steps.CaptureStateAfterExecutionStep.execute(CaptureStateAfterExecutionStep.java:50)
2025-11-30T03:15:39.6771313Z 	at org.gradle.internal.execution.steps.ResolveInputChangesStep.execute(ResolveInputChangesStep.java:40)
2025-11-30T03:15:39.6772485Z 	at org.gradle.internal.execution.steps.ResolveInputChangesStep.execute(ResolveInputChangesStep.java:29)
2025-11-30T03:15:39.6773588Z 	at org.gradle.internal.execution.steps.BuildCacheStep.executeWithoutCache(BuildCacheStep.java:179)
2025-11-30T03:15:39.6774626Z 	at org.gradle.internal.execution.steps.BuildCacheStep.lambda$execute$1(BuildCacheStep.java:70)
2025-11-30T03:15:39.6789616Z 	at org.gradle.internal.Either$Right.fold(Either.java:175)
2025-11-30T03:15:39.6790683Z 	at org.gradle.internal.execution.caching.CachingState.fold(CachingState.java:59)
2025-11-30T03:15:39.6791650Z 	at org.gradle.internal.execution.steps.BuildCacheStep.execute(BuildCacheStep.java:68)
2025-11-30T03:15:39.6792632Z 	at org.gradle.internal.execution.steps.BuildCacheStep.execute(BuildCacheStep.java:46)
2025-11-30T03:15:39.6793748Z 	at org.gradle.internal.execution.steps.StoreExecutionStateStep.execute(StoreExecutionStateStep.java:36)
2025-11-30T03:15:39.6794977Z 	at org.gradle.internal.execution.steps.StoreExecutionStateStep.execute(StoreExecutionStateStep.java:25)
2025-11-30T03:15:39.6796319Z 	at org.gradle.internal.execution.steps.RecordOutputsStep.execute(RecordOutputsStep.java:36)
2025-11-30T03:15:39.6797357Z 	at org.gradle.internal.execution.steps.RecordOutputsStep.execute(RecordOutputsStep.java:22)
2025-11-30T03:15:39.6798440Z 	at org.gradle.internal.execution.steps.SkipUpToDateStep.executeBecause(SkipUpToDateStep.java:91)
2025-11-30T03:15:39.6799571Z 	at org.gradle.internal.execution.steps.SkipUpToDateStep.lambda$execute$2(SkipUpToDateStep.java:55)
2025-11-30T03:15:39.6800665Z 	at org.gradle.internal.execution.steps.SkipUpToDateStep.execute(SkipUpToDateStep.java:55)
2025-11-30T03:15:39.6801690Z 	at org.gradle.internal.execution.steps.SkipUpToDateStep.execute(SkipUpToDateStep.java:37)
2025-11-30T03:15:39.6802703Z 	at org.gradle.internal.execution.steps.ResolveChangesStep.execute(ResolveChangesStep.java:65)
2025-11-30T03:15:39.6803797Z 	at org.gradle.internal.execution.steps.ResolveChangesStep.execute(ResolveChangesStep.java:36)
2025-11-30T03:15:39.6805103Z 	at org.gradle.internal.execution.steps.legacy.MarkSnapshottingInputsFinishedStep.execute(MarkSnapshottingInputsFinishedStep.java:37)
2025-11-30T03:15:39.6806805Z 	at org.gradle.internal.execution.steps.legacy.MarkSnapshottingInputsFinishedStep.execute(MarkSnapshottingInputsFinishedStep.java:27)
2025-11-30T03:15:39.6808207Z 	at org.gradle.internal.execution.steps.ResolveCachingStateStep.execute(ResolveCachingStateStep.java:77)
2025-11-30T03:15:39.6809403Z 	at org.gradle.internal.execution.steps.ResolveCachingStateStep.execute(ResolveCachingStateStep.java:38)
2025-11-30T03:15:39.6810426Z 	at org.gradle.internal.execution.steps.ValidateStep.execute(ValidateStep.java:94)
2025-11-30T03:15:39.6811310Z 	at org.gradle.internal.execution.steps.ValidateStep.execute(ValidateStep.java:49)
2025-11-30T03:15:39.6812513Z 	at org.gradle.internal.execution.steps.CaptureStateBeforeExecutionStep.execute(CaptureStateBeforeExecutionStep.java:71)
2025-11-30T03:15:39.6813910Z 	at org.gradle.internal.execution.steps.CaptureStateBeforeExecutionStep.execute(CaptureStateBeforeExecutionStep.java:45)
2025-11-30T03:15:39.6825147Z 	at org.gradle.internal.execution.steps.SkipEmptyWorkStep.executeWithNonEmptySources(SkipEmptyWorkStep.java:177)
2025-11-30T03:15:39.6826646Z 	at org.gradle.internal.execution.steps.SkipEmptyWorkStep.execute(SkipEmptyWorkStep.java:86)
2025-11-30T03:15:39.6827719Z 	at org.gradle.internal.execution.steps.SkipEmptyWorkStep.execute(SkipEmptyWorkStep.java:53)
2025-11-30T03:15:39.6829015Z 	at org.gradle.internal.execution.steps.RemoveUntrackedExecutionStateStep.execute(RemoveUntrackedExecutionStateStep.java:32)
2025-11-30T03:15:39.6830800Z 	at org.gradle.internal.execution.steps.RemoveUntrackedExecutionStateStep.execute(RemoveUntrackedExecutionStateStep.java:21)
2025-11-30T03:15:39.6832415Z 	at org.gradle.internal.execution.steps.legacy.MarkSnapshottingInputsStartedStep.execute(MarkSnapshottingInputsStartedStep.java:38)
2025-11-30T03:15:39.6833989Z 	at org.gradle.internal.execution.steps.LoadPreviousExecutionStateStep.execute(LoadPreviousExecutionStateStep.java:36)
2025-11-30T03:15:39.6835580Z 	at org.gradle.internal.execution.steps.LoadPreviousExecutionStateStep.execute(LoadPreviousExecutionStateStep.java:23)
2025-11-30T03:15:39.6836923Z 	at org.gradle.internal.execution.steps.CleanupStaleOutputsStep.execute(CleanupStaleOutputsStep.java:75)
2025-11-30T03:15:39.6838124Z 	at org.gradle.internal.execution.steps.CleanupStaleOutputsStep.execute(CleanupStaleOutputsStep.java:41)
2025-11-30T03:15:39.6839565Z 	at org.gradle.internal.execution.steps.AssignWorkspaceStep.lambda$execute$0(AssignWorkspaceStep.java:32)
2025-11-30T03:15:39.6840701Z 	at org.gradle.api.internal.tasks.execution.TaskExecution$4.withWorkspace(TaskExecution.java:293)
2025-11-30T03:15:39.6841789Z 	at org.gradle.internal.execution.steps.AssignWorkspaceStep.execute(AssignWorkspaceStep.java:30)
2025-11-30T03:15:39.6842889Z 	at org.gradle.internal.execution.steps.AssignWorkspaceStep.execute(AssignWorkspaceStep.java:21)
2025-11-30T03:15:39.6843965Z 	at org.gradle.internal.execution.steps.IdentityCacheStep.execute(IdentityCacheStep.java:37)
2025-11-30T03:15:39.6844988Z 	at org.gradle.internal.execution.steps.IdentityCacheStep.execute(IdentityCacheStep.java:27)
2025-11-30T03:15:39.6846137Z 	at org.gradle.internal.execution.steps.IdentifyStep.execute(IdentifyStep.java:47)
2025-11-30T03:15:39.6847034Z 	at org.gradle.internal.execution.steps.IdentifyStep.execute(IdentifyStep.java:34)
2025-11-30T03:15:39.6848073Z 	at org.gradle.internal.execution.impl.DefaultExecutionEngine$1.execute(DefaultExecutionEngine.java:64)
2025-11-30T03:15:39.6849417Z 	at org.gradle.api.internal.tasks.execution.ExecuteActionsTaskExecuter.executeIfValid(ExecuteActionsTaskExecuter.java:146)
2025-11-30T03:15:39.6850836Z 	at org.gradle.api.internal.tasks.execution.ExecuteActionsTaskExecuter.execute(ExecuteActionsTaskExecuter.java:135)
2025-11-30T03:15:39.6852274Z 	at org.gradle.api.internal.tasks.execution.FinalizePropertiesTaskExecuter.execute(FinalizePropertiesTaskExecuter.java:46)
2025-11-30T03:15:39.6853759Z 	at org.gradle.api.internal.tasks.execution.ResolveTaskExecutionModeExecuter.execute(ResolveTaskExecutionModeExecuter.java:51)
2025-11-30T03:15:39.6855539Z 	at org.gradle.api.internal.tasks.execution.SkipTaskWithNoActionsExecuter.execute(SkipTaskWithNoActionsExecuter.java:57)
2025-11-30T03:15:39.6856886Z 	at org.gradle.api.internal.tasks.execution.SkipOnlyIfTaskExecuter.execute(SkipOnlyIfTaskExecuter.java:74)
2025-11-30T03:15:39.6858155Z 	at org.gradle.api.internal.tasks.execution.CatchExceptionTaskExecuter.execute(CatchExceptionTaskExecuter.java:36)
2025-11-30T03:15:39.6859443Z 	at org.gradle.api.internal.tasks.execution.EventFiringTaskExecuter$1.executeTask(EventFiringTaskExecuter.java:77)
2025-11-30T03:15:39.6860652Z 	at org.gradle.api.internal.tasks.execution.EventFiringTaskExecuter$1.call(EventFiringTaskExecuter.java:55)
2025-11-30T03:15:39.6861821Z 	at org.gradle.api.internal.tasks.execution.EventFiringTaskExecuter$1.call(EventFiringTaskExecuter.java:52)
2025-11-30T03:15:39.6863214Z 	at org.gradle.internal.operations.DefaultBuildOperationRunner$CallableBuildOperationWorker.execute(DefaultBuildOperationRunner.java:204)
2025-11-30T03:15:39.6864823Z 	at org.gradle.internal.operations.DefaultBuildOperationRunner$CallableBuildOperationWorker.execute(DefaultBuildOperationRunner.java:199)
2025-11-30T03:15:39.6866384Z 	at org.gradle.internal.operations.DefaultBuildOperationRunner$2.execute(DefaultBuildOperationRunner.java:66)
2025-11-30T03:15:39.6867664Z 	at org.gradle.internal.operations.DefaultBuildOperationRunner$2.execute(DefaultBuildOperationRunner.java:59)
2025-11-30T03:15:39.6872129Z 	at org.gradle.internal.operations.DefaultBuildOperationRunner.execute(DefaultBuildOperationRunner.java:157)
2025-11-30T03:15:39.6873473Z 	at org.gradle.internal.operations.DefaultBuildOperationRunner.execute(DefaultBuildOperationRunner.java:59)
2025-11-30T03:15:39.6874696Z 	at org.gradle.internal.operations.DefaultBuildOperationRunner.call(DefaultBuildOperationRunner.java:53)
2025-11-30T03:15:39.6876101Z 	at org.gradle.internal.operations.DefaultBuildOperationExecutor.call(DefaultBuildOperationExecutor.java:73)
2025-11-30T03:15:39.6877331Z 	at org.gradle.api.internal.tasks.execution.EventFiringTaskExecuter.execute(EventFiringTaskExecuter.java:52)
2025-11-30T03:15:39.6878430Z 	at org.gradle.execution.plan.LocalTaskNodeExecutor.execute(LocalTaskNodeExecutor.java:42)
2025-11-30T03:15:39.6879667Z 	at org.gradle.execution.taskgraph.DefaultTaskExecutionGraph$InvokeNodeExecutorsAction.execute(DefaultTaskExecutionGraph.java:337)
2025-11-30T03:15:39.6881737Z 	at org.gradle.execution.taskgraph.DefaultTaskExecutionGraph$InvokeNodeExecutorsAction.execute(DefaultTaskExecutionGraph.java:324)
2025-11-30T03:15:39.6883316Z 	at org.gradle.execution.taskgraph.DefaultTaskExecutionGraph$BuildOperationAwareExecutionAction.execute(DefaultTaskExecutionGraph.java:317)
2025-11-30T03:15:39.6884959Z 	at org.gradle.execution.taskgraph.DefaultTaskExecutionGraph$BuildOperationAwareExecutionAction.execute(DefaultTaskExecutionGraph.java:303)
2025-11-30T03:15:39.6886516Z 	at org.gradle.execution.plan.DefaultPlanExecutor$ExecutorWorker.execute(DefaultPlanExecutor.java:463)
2025-11-30T03:15:39.6887632Z 	at org.gradle.execution.plan.DefaultPlanExecutor$ExecutorWorker.run(DefaultPlanExecutor.java:380)
2025-11-30T03:15:39.6888792Z 	at org.gradle.internal.concurrent.ExecutorPolicy$CatchAndRecordFailures.onExecute(ExecutorPolicy.java:64)
2025-11-30T03:15:39.6889943Z 	at org.gradle.internal.concurrent.AbstractManagedExecutor$1.run(AbstractManagedExecutor.java:47)
2025-11-30T03:15:39.6891103Z Caused by: org.jetbrains.kotlin.gradle.tasks.CompilationErrorException: Compilation error. See log for more details
2025-11-30T03:15:39.6892359Z 	at org.jetbrains.kotlin.gradle.tasks.TasksUtilsKt.throwExceptionIfCompilationFailed(tasksUtils.kt:20)
2025-11-30T03:15:39.6893565Z 	at org.jetbrains.kotlin.compilerRunner.GradleKotlinCompilerWork.run(GradleKotlinCompilerWork.kt:141)
2025-11-30T03:15:39.6895045Z 	at org.jetbrains.kotlin.compilerRunner.GradleCompilerRunnerWithWorkers$GradleKotlinCompilerWorkAction.execute(GradleCompilerRunnerWithWorkers.kt:73)
2025-11-30T03:15:39.6896788Z 	at org.gradle.workers.internal.DefaultWorkerServer.execute(DefaultWorkerServer.java:63)
2025-11-30T03:15:39.6897882Z 	at org.gradle.workers.internal.NoIsolationWorkerFactory$1$1.create(NoIsolationWorkerFactory.java:66)
2025-11-30T03:15:39.6899024Z 	at org.gradle.workers.internal.NoIsolationWorkerFactory$1$1.create(NoIsolationWorkerFactory.java:62)
2025-11-30T03:15:39.6900186Z 	at org.gradle.internal.classloader.ClassLoaderUtils.executeInClassloader(ClassLoaderUtils.java:100)
2025-11-30T03:15:39.6901381Z 	at org.gradle.workers.internal.NoIsolationWorkerFactory$1.lambda$execute$0(NoIsolationWorkerFactory.java:62)
2025-11-30T03:15:39.6902491Z 	at org.gradle.workers.internal.AbstractWorker$1.call(AbstractWorker.java:44)
2025-11-30T03:15:39.6903358Z 	at org.gradle.workers.internal.AbstractWorker$1.call(AbstractWorker.java:41)
2025-11-30T03:15:39.6904591Z 	at org.gradle.internal.operations.DefaultBuildOperationRunner$CallableBuildOperationWorker.execute(DefaultBuildOperationRunner.java:204)
2025-11-30T03:15:39.6906408Z 	at org.gradle.internal.operations.DefaultBuildOperationRunner$CallableBuildOperationWorker.execute(DefaultBuildOperationRunner.java:199)
2025-11-30T03:15:39.6907872Z 	at org.gradle.internal.operations.DefaultBuildOperationRunner$2.execute(DefaultBuildOperationRunner.java:66)
2025-11-30T03:15:39.6909210Z 	at org.gradle.internal.operations.DefaultBuildOperationRunner$2.execute(DefaultBuildOperationRunner.java:59)
2025-11-30T03:15:39.6910830Z 	at org.gradle.internal.operations.DefaultBuildOperationRunner.execute(DefaultBuildOperationRunner.java:157)
2025-11-30T03:15:39.6912398Z 	at org.gradle.internal.operations.DefaultBuildOperationRunner.execute(DefaultBuildOperationRunner.java:59)
2025-11-30T03:15:39.6913734Z 	at org.gradle.internal.operations.DefaultBuildOperationRunner.call(DefaultBuildOperationRunner.java:53)
2025-11-30T03:15:39.6915038Z 	at org.gradle.internal.operations.DefaultBuildOperationExecutor.call(DefaultBuildOperationExecutor.java:73)
2025-11-30T03:15:39.6916480Z 	at org.gradle.workers.internal.AbstractWorker.executeWrappedInBuildOperation(AbstractWorker.java:41)
2025-11-30T03:15:39.6917672Z 	at org.gradle.workers.internal.NoIsolationWorkerFactory$1.execute(NoIsolationWorkerFactory.java:59)
2025-11-30T03:15:39.6922189Z 	at org.gradle.workers.internal.DefaultWorkerExecutor.lambda$submitWork$0(DefaultWorkerExecutor.java:170)
2025-11-30T03:15:39.6923950Z 	at org.gradle.internal.work.DefaultConditionalExecutionQueue$ExecutionRunner.runExecution(DefaultConditionalExecutionQueue.java:187)
2025-11-30T03:15:39.6925698Z 	at org.gradle.internal.work.DefaultConditionalExecutionQueue$ExecutionRunner.access$700(DefaultConditionalExecutionQueue.java:120)
2025-11-30T03:15:39.6927191Z 	at org.gradle.internal.work.DefaultConditionalExecutionQueue$ExecutionRunner$1.run(DefaultConditionalExecutionQueue.java:162)
2025-11-30T03:15:39.6928207Z 	at org.gradle.internal.Factories$1.create(Factories.java:31)
2025-11-30T03:15:39.6929065Z 	at org.gradle.internal.work.DefaultWorkerLeaseService.withLocks(DefaultWorkerLeaseService.java:249)
2025-11-30T03:15:39.6930300Z 	at org.gradle.internal.work.DefaultWorkerLeaseService.runAsWorkerThread(DefaultWorkerLeaseService.java:109)
2025-11-30T03:15:39.6931574Z 	at org.gradle.internal.work.DefaultWorkerLeaseService.runAsWorkerThread(DefaultWorkerLeaseService.java:114)
2025-11-30T03:15:39.6932930Z 	at org.gradle.internal.work.DefaultConditionalExecutionQueue$ExecutionRunner.runBatch(DefaultConditionalExecutionQueue.java:157)
2025-11-30T03:15:39.6934375Z 	at org.gradle.internal.work.DefaultConditionalExecutionQueue$ExecutionRunner.run(DefaultConditionalExecutionQueue.java:126)
2025-11-30T03:15:39.6935402Z 	... 2 more
2025-11-30T03:15:39.6935569Z 
2025-11-30T03:15:39.6935575Z 
2025-11-30T03:15:39.6935689Z BUILD FAILED in 56s
2025-11-30T03:15:39.6935998Z 33 actionable tasks: 33 executed
2025-11-30T03:15:40.1409586Z ##[error]Process completed with exit code 1.
2025-11-30T03:15:40.1514874Z Post job cleanup.
2025-11-30T03:15:40.3307858Z Post job cleanup.
2025-11-30T03:15:40.4272845Z [command]/usr/bin/git version
2025-11-30T03:15:40.4310588Z git version 2.51.2
2025-11-30T03:15:40.4356258Z Temporarily overriding HOME='/home/runner/work/_temp/173d4bde-562e-4716-a9a6-92d914282da4' before making global git config changes
2025-11-30T03:15:40.4357470Z Adding repository directory to the temporary git global config as a safe directory
2025-11-30T03:15:40.4362696Z [command]/usr/bin/git config --global --add safe.directory /home/runner/work/ControlCenter/ControlCenter
2025-11-30T03:15:40.4404467Z [command]/usr/bin/git config --local --name-only --get-regexp core\.sshCommand
2025-11-30T03:15:40.4440875Z [command]/usr/bin/git submodule foreach --recursive sh -c "git config --local --name-only --get-regexp 'core\.sshCommand' && git config --local --unset-all 'core.sshCommand' || :"
2025-11-30T03:15:40.4671071Z [command]/usr/bin/git config --local --name-only --get-regexp http\.https\:\/\/github\.com\/\.extraheader
2025-11-30T03:15:40.4692631Z http.https://github.com/.extraheader
2025-11-30T03:15:40.4705887Z [command]/usr/bin/git config --local --unset-all http.https://github.com/.extraheader
2025-11-30T03:15:40.4738290Z [command]/usr/bin/git submodule foreach --recursive sh -c "git config --local --name-only --get-regexp 'http\.https\:\/\/github\.com\/\.extraheader' && git config --local --unset-all 'http.https://github.com/.extraheader' || :"
2025-11-30T03:15:40.4960666Z [command]/usr/bin/git config --local --name-only --get-regexp ^includeIf\.gitdir:
2025-11-30T03:15:40.4991600Z [command]/usr/bin/git submodule foreach --recursive git config --local --show-origin --name-only --get-regexp remote.origin.url
2025-11-30T03:15:40.5319847Z Cleaning up orphan processes
2025-11-30T03:15:40.5578531Z Terminate orphan process: pid (2255) (java)
2025-11-30T03:15:40.5599321Z Terminate orphan process: pid (2388) (java)